// Jest Snapshot v1, https://goo.gl/fbAQLP

exports[`Warning should match snapshot 1`] = `
<div
  className="editor-warning"
>
  <div
    className="editor-warning__contents"
  >
    <div
      className="editor-warning__message"
    >
      error
    </div>
  </div>
</div>
`;
